// Jest Snapshot v1, https://goo.gl/fbAQLP

exports[`記事の表示 snapshot-正しく画面が呼び出される 1`] = `
<RCTScrollView
  dataSource={
    ListViewDataSource {
      "items": 1,
    }
  }
  enableEmptySections={true}
  renderRow={[Function]}
  renderScrollComponent={[Function]}
>
  <View>
    <View
      style={
        Object {
          "borderBottomWidth": 0,
          "borderColor": "#ddd",
          "borderRadius": 2,
          "borderWidth": 1,
          "elevation": 1,
          "marginLeft": 5,
          "marginRight": 5,
          "marginTop": 10,
          "shadowColor": "#000",
          "shadowOffset": Object {
            "height": 2,
            "width": 0,
          },
          "shadowOpacity": 0.1,
          "shadowRadius": 2,
        }
      }
    >
      <Text
        accessible={true}
        allowFontScaling={true}
        disabled={false}
        ellipsizeMode="tail"
        style={
          Object {
            "alignSelf": "center",
            "color": "#FF0000",
            "fontSize": 18,
            "paddingTop": 5,
          }
        }
      />
      <View
        style={
          Array [
            Object {
              "backgroundColor": "#fff",
              "borderBottomWidth": 1,
              "borderColor": "#ddd",
              "flexDirection": "row",
              "justifyContent": "flex-start",
              "padding": 5,
              "position": "relative",
            },
            undefined,
          ]
        }
      >
        <View>
          <Text
            accessible={true}
            allowFontScaling={true}
            disabled={false}
            ellipsizeMode="tail"
          >
            テスト
          </Text>
        </View>
      </View>
      <View
        style={
          Array [
            Object {
              "backgroundColor": "#fff",
              "borderBottomWidth": 1,
              "borderColor": "#ddd",
              "flexDirection": "row",
              "justifyContent": "flex-start",
              "padding": 5,
              "position": "relative",
            },
            undefined,
          ]
        }
      >
        <View>
          <Text
            accessible={true}
            allowFontScaling={true}
            disabled={false}
            ellipsizeMode="tail"
          >
            this is test contents. 
             this contents is test data.
          </Text>
        </View>
      </View>
    </View>
  </View>
</RCTScrollView>
`;
