// Jest Snapshot v1, https://goo.gl/fbAQLP

exports[`ListArticles snapshot-ロード中 1`] = `
<View
  style={
    Object {
      "alignItems": "center",
      "flex": 1,
      "justifyContent": "center",
    }
  }
>
  <ActivityIndicator
    animating={true}
    color="#999999"
    hidesWhenStopped={true}
    size="large"
  />
</View>
`;

exports[`ListArticles snapshot-記事が表示されている時 1`] = `
<View
  style={
    Object {
      "alignItems": "center",
      "flex": 1,
      "justifyContent": "center",
    }
  }
>
  <ActivityIndicator
    animating={true}
    color="#999999"
    hidesWhenStopped={true}
    size="large"
  />
</View>
`;

exports[`ListArticles snapshot-記事が見つからない時 1`] = `
<Text
  accessible={true}
  allowFontScaling={true}
  disabled={false}
  ellipsizeMode="tail"
  style={
    Object {
      "alignSelf": "center",
      "color": "#FF0000",
      "fontSize": 18,
      "paddingTop": 5,
    }
  }
>
  記事が見つかりません
</Text>
`;
